// Vitest Snapshot v1, https://vitest.dev/guide/snapshot.html

exports[`Dot > Should match snapshot 1`] = `
{
  "asFragment": [Function],
  "baseElement": <body>
    <div>
      <div
        class="_dot_f4ab0e"
        style="height: 8px; max-height: 8px; max-width: 8px; width: 8px;"
      >
        <svg
          class="red-500"
          height="100%"
          viewBox="0 0 20 20"
          width="100%"
        >
          <lineargradient
            id="00000000-0000-0000-000000000000"
          >
            <stop
              offset="0%"
              stop-color="var(--red-500)"
            />
            <stop
              offset="100%"
              stop-color="var(--red-500)"
            />
          </lineargradient>
          <circle
            cx="10"
            cy="10"
            fill="url(#00000000-0000-0000-000000000000)"
            r="10"
          />
        </svg>
      </div>
    </div>
  </body>,
  "container": <div>
    <div
      class="_dot_f4ab0e"
      style="height: 8px; max-height: 8px; max-width: 8px; width: 8px;"
    >
      <svg
        class="red-500"
        height="100%"
        viewBox="0 0 20 20"
        width="100%"
      >
        <lineargradient
          id="00000000-0000-0000-000000000000"
        >
          <stop
            offset="0%"
            stop-color="var(--red-500)"
          />
          <stop
            offset="100%"
            stop-color="var(--red-500)"
          />
        </lineargradient>
        <circle
          cx="10"
          cy="10"
          fill="url(#00000000-0000-0000-000000000000)"
          r="10"
        />
      </svg>
    </div>
  </div>,
  "debug": [Function],
  "findAllByAltText": [Function],
  "findAllByDisplayValue": [Function],
  "findAllByLabelText": [Function],
  "findAllByPlaceholderText": [Function],
  "findAllByRole": [Function],
  "findAllByTestId": [Function],
  "findAllByText": [Function],
  "findAllByTitle": [Function],
  "findByAltText": [Function],
  "findByDisplayValue": [Function],
  "findByLabelText": [Function],
  "findByPlaceholderText": [Function],
  "findByRole": [Function],
  "findByTestId": [Function],
  "findByText": [Function],
  "findByTitle": [Function],
  "getAllByAltText": [Function],
  "getAllByDisplayValue": [Function],
  "getAllByLabelText": [Function],
  "getAllByPlaceholderText": [Function],
  "getAllByRole": [Function],
  "getAllByTestId": [Function],
  "getAllByText": [Function],
  "getAllByTitle": [Function],
  "getByAltText": [Function],
  "getByDisplayValue": [Function],
  "getByLabelText": [Function],
  "getByPlaceholderText": [Function],
  "getByRole": [Function],
  "getByTestId": [Function],
  "getByText": [Function],
  "getByTitle": [Function],
  "queryAllByAltText": [Function],
  "queryAllByDisplayValue": [Function],
  "queryAllByLabelText": [Function],
  "queryAllByPlaceholderText": [Function],
  "queryAllByRole": [Function],
  "queryAllByTestId": [Function],
  "queryAllByText": [Function],
  "queryAllByTitle": [Function],
  "queryByAltText": [Function],
  "queryByDisplayValue": [Function],
  "queryByLabelText": [Function],
  "queryByPlaceholderText": [Function],
  "queryByRole": [Function],
  "queryByTestId": [Function],
  "queryByText": [Function],
  "queryByTitle": [Function],
  "rerender": [Function],
  "unmount": [Function],
}
`;
